[probe] RTP :5600  sidecar local :43660 → 192.168.1.13:6666  sub-TTL 5 s
[sync] offset=-7120633612 µs  rtt=429 µs
[sync] offset=-7120633612 µs  rtt=1044 µs
[sync] offset=-7120633612 µs  rtt=2289 µs
[sync] offset=-7120633612 µs  rtt=1663 µs
[sync] offset=-7120633612 µs  rtt=1634 µs
[sync] offset=-7120633612 µs  rtt=1632 µs
[sync] offset=-7120633612 µs  rtt=2299 µs
[sync] offset=-7120633612 µs  rtt=2339 µs
[sync] offset=-7120634217 µs  rtt=887 µs
[sync] offset=-7120634217 µs  rtt=2556 µs
[sync] offset=-7120634217 µs  rtt=2453 µs
[sync] offset=-7120634217 µs  rtt=2519 µs
[sync] offset=-7120634217 µs  rtt=2286 µs
[sync] offset=-7120635467 µs  rtt=859 µs

=== Timing Probe Summary ===

Duration:             62.0 s
Frames:               7398 (119.3 fps)
RTP packets:          144753 (19.6 avg/frame)
RTP gaps:             0

--- Sidecar overhead ---
  venc->probe:        7411 pkts (7397 frame + 14 sync)
  probe->venc:        45 pkts (31 subscribe + 14 sync)
  Bandwidth:          7.5 KB/s rx, 0.0 KB/s tx (61.2 kbps total)
  Packet rate:        120 pps rx, 0.7 pps tx

--- Frame intervals (sender clock) ---
  Mean:    40422 us  (24.7 fps)
  Min:     6063 us
  Max:     284485 us
  Stddev:  34819 us

--- Frame intervals (probe clock) ---
  Mean:    8382 us  (119.3 fps)
  Stddev:  921 us

--- Send spread (frame_ready -> last_pkt_send) ---
  Mean:    788 us
  Min:     438 us
  P50:     654 us
  P95:     1384 us
  P99:     1684 us
  Max:     2343 us

--- Encode duration (capture -> frame_ready) ---
  Mean:    7764 us
  Min:     6906 us
  Max:     9941 us

--- Clock sync ---
  Samples:  8
  Offset:   -7120635467 us
  Best RTT: 859 us

[probe] exiting — venc subscription expires in 5 s
