[probe] RTP :5600  sidecar local :38285 → 192.168.1.13:6666  sub-TTL 5 s
[sync] offset=-7120639547 µs  rtt=564 µs
[sync] offset=-7120639668 µs  rtt=278 µs
[sync] offset=-7120639668 µs  rtt=1747 µs
[sync] offset=-7120639668 µs  rtt=1744 µs
[sync] offset=-7120639668 µs  rtt=1749 µs
[sync] offset=-7120639668 µs  rtt=2490 µs
[sync] offset=-7120639668 µs  rtt=2483 µs
[sync] offset=-7120639668 µs  rtt=1043 µs
[sync] offset=-7120639668 µs  rtt=2336 µs
[sync] offset=-7120640088 µs  rtt=2320 µs
[sync] offset=-7120640088 µs  rtt=1109 µs
[sync] offset=-7120640939 µs  rtt=400 µs
[sync] offset=-7120640939 µs  rtt=462 µs
[sync] offset=-7120640939 µs  rtt=2288 µs

=== Timing Probe Summary ===

Duration:             62.0 s
Frames:               7397 (119.3 fps)
RTP packets:          145173 (19.6 avg/frame)
RTP gaps:             0

--- Sidecar overhead ---
  venc->probe:        7411 pkts (7397 frame + 14 sync)
  probe->venc:        45 pkts (31 subscribe + 14 sync)
  Bandwidth:          7.5 KB/s rx, 0.0 KB/s tx (61.2 kbps total)
  Packet rate:        120 pps rx, 0.7 pps tx

--- Frame intervals (sender clock) ---
  Mean:    42923 us  (23.3 fps)
  Min:     5632 us
  Max:     270505 us
  Stddev:  38422 us

--- Frame intervals (probe clock) ---
  Mean:    8382 us  (119.3 fps)
  Stddev:  979 us

--- Send spread (frame_ready -> last_pkt_send) ---
  Mean:    762 us
  Min:     436 us
  P50:     644 us
  P95:     1404 us
  P99:     1728 us
  Max:     3028 us

--- Encode duration (capture -> frame_ready) ---
  Mean:    7929 us
  Min:     6901 us
  Max:     13526 us

--- Clock sync ---
  Samples:  8
  Offset:   -7120640939 us
  Best RTT: 400 us

[probe] exiting — venc subscription expires in 5 s
