[probe] RTP :5600  sidecar local :46166 → 192.168.1.13:6666  sub-TTL 5 s
[sync] offset=-7120747954 µs  rtt=601 µs
[sync] offset=-7120747954 µs  rtt=1084 µs
[sync] offset=-7120747954 µs  rtt=2660 µs
[sync] offset=-7120747954 µs  rtt=2972 µs
[sync] offset=-7120747954 µs  rtt=2055 µs
[sync] offset=-7120747954 µs  rtt=2028 µs
[sync] offset=-7120747954 µs  rtt=2028 µs
[sync] offset=-7120747954 µs  rtt=2178 µs
[sync] offset=-7120748369 µs  rtt=2166 µs
[sync] offset=-7120748413 µs  rtt=2117 µs
[sync] offset=-7120748581 µs  rtt=1384 µs
[sync] offset=-7120748581 µs  rtt=2233 µs
[sync] offset=-7120748581 µs  rtt=1588 µs
[sync] offset=-7120748581 µs  rtt=2196 µs

=== Timing Probe Summary ===

Duration:             62.0 s
Frames:               7397 (119.3 fps)
RTP packets:          145566 (19.7 avg/frame)
RTP gaps:             0

--- Sidecar overhead ---
  venc->probe:        7411 pkts (7397 frame + 14 sync)
  probe->venc:        45 pkts (31 subscribe + 14 sync)
  Bandwidth:          7.5 KB/s rx, 0.0 KB/s tx (61.2 kbps total)
  Packet rate:        120 pps rx, 0.7 pps tx

--- Frame intervals (sender clock) ---
  Mean:    41437 us  (24.1 fps)
  Min:     6142 us
  Max:     284721 us
  Stddev:  37368 us

--- Frame intervals (probe clock) ---
  Mean:    8382 us  (119.3 fps)
  Stddev:  1059 us

--- Send spread (frame_ready -> last_pkt_send) ---
  Mean:    807 us
  Min:     389 us
  P50:     778 us
  P95:     1307 us
  P99:     1663 us
  Max:     2069 us

--- Encode duration (capture -> frame_ready) ---
  Mean:    8014 us
  Min:     6975 us
  Max:     10901 us

--- Clock sync ---
  Samples:  8
  Offset:   -7120748581 us
  Best RTT: 1384 us

[probe] exiting — venc subscription expires in 5 s
