[probe] RTP :5600  sidecar local :37632 → 192.168.1.13:6666  sub-TTL 5 s
[sync] offset=-7120740591 µs  rtt=625 µs
[sync] offset=-7120740591 µs  rtt=2439 µs
[sync] offset=-7120740591 µs  rtt=1738 µs
[sync] offset=-7120740591 µs  rtt=2410 µs
[sync] offset=-7120740591 µs  rtt=2647 µs
[sync] offset=-7120740591 µs  rtt=2471 µs
[sync] offset=-7120740591 µs  rtt=2402 µs
[sync] offset=-7120740591 µs  rtt=2449 µs
[sync] offset=-7120741308 µs  rtt=1046 µs
[sync] offset=-7120741183 µs  rtt=803 µs
[sync] offset=-7120741510 µs  rtt=748 µs
[sync] offset=-7120741991 µs  rtt=358 µs
[sync] offset=-7120741991 µs  rtt=521 µs
[sync] offset=-7120741991 µs  rtt=436 µs

=== Timing Probe Summary ===

Duration:             24.0 s
Frames:               2863 (119.3 fps)
RTP packets:          55818 (19.5 avg/frame)
RTP gaps:             0

--- Sidecar overhead ---
  venc->probe:        7411 pkts (7397 frame + 14 sync)
  probe->venc:        45 pkts (31 subscribe + 14 sync)
  Bandwidth:          19.3 KB/s rx, 0.0 KB/s tx (158.2 kbps total)
  Packet rate:        309 pps rx, 1.9 pps tx

--- Frame intervals (sender clock) ---
  Mean:    54367 us  (18.4 fps)
  Min:     6259 us
  Max:     284114 us
  Stddev:  50312 us

--- Frame intervals (probe clock) ---
  Mean:    8382 us  (119.3 fps)
  Stddev:  1047 us

--- Send spread (frame_ready -> last_pkt_send) ---
  Mean:    791 us
  Min:     418 us
  P50:     683 us
  P95:     1419 us
  P99:     1730 us
  Max:     2277 us

--- Encode duration (capture -> frame_ready) ---
  Mean:    7886 us
  Min:     6956 us
  Max:     10183 us

--- Clock sync ---
  Samples:  8
  Offset:   -7120741991 us
  Best RTT: 358 us

[probe] exiting — venc subscription expires in 5 s
