[probe] RTP :5600  sidecar local :57877 → 192.168.1.13:6666  sub-TTL 5 s
[sync] offset=-7120597302 µs  rtt=686 µs
[sync] offset=-7120597302 µs  rtt=1722 µs
[sync] offset=-7120597302 µs  rtt=2436 µs
[sync] offset=-7120597302 µs  rtt=1764 µs
[sync] offset=-7120597302 µs  rtt=2526 µs
[sync] offset=-7120597302 µs  rtt=2587 µs
[sync] offset=-7120597302 µs  rtt=1701 µs
[sync] offset=-7120597302 µs  rtt=2356 µs
[sync] offset=-7120597466 µs  rtt=1809 µs
[sync] offset=-7120597466 µs  rtt=2259 µs
[sync] offset=-7120597466 µs  rtt=2571 µs
[sync] offset=-7120597466 µs  rtt=2323 µs
[sync] offset=-7120599605 µs  rtt=1697 µs
[sync] offset=-7120599438 µs  rtt=321 µs

=== Timing Probe Summary ===

Duration:             57.6 s
Frames:               6695 (116.3 fps)
RTP packets:          130935 (19.6 avg/frame)
RTP gaps:             0

--- Sidecar overhead ---
  venc->probe:        7220 pkts (7206 frame + 14 sync)
  probe->venc:        45 pkts (31 subscribe + 14 sync)
  Bandwidth:          7.8 KB/s rx, 0.0 KB/s tx (64.2 kbps total)
  Packet rate:        125 pps rx, 0.8 pps tx

--- Frame intervals (sender clock) ---
  Mean:    43087 us  (23.2 fps)
  Min:     1298 us
  Max:     313491 us
  Stddev:  37915 us

--- Frame intervals (probe clock) ---
  Mean:    8602 us  (116.2 fps)
  Stddev:  1623 us

--- Send spread (frame_ready -> last_pkt_send) ---
  Mean:    952 us
  Min:     444 us
  P50:     717 us
  P95:     1912 us
  P99:     3017 us
  Max:     8581 us

--- Encode duration (capture -> frame_ready) ---
  Mean:    9653 us
  Min:     7028 us
  Max:     16380 us

--- Clock sync ---
  Samples:  8
  Offset:   -7120599438 us
  Best RTT: 321 us

[probe] exiting — venc subscription expires in 5 s
