[probe] RTP :5600  sidecar local :34517 → 192.168.1.13:6666  sub-TTL 5 s
[sync] offset=-7120620010 µs  rtt=1240 µs
[sync] offset=-7120620010 µs  rtt=2552 µs
[sync] offset=-7120620010 µs  rtt=1785 µs
[sync] offset=-7120620010 µs  rtt=1833 µs
[sync] offset=-7120620010 µs  rtt=2684 µs
[sync] offset=-7120620010 µs  rtt=1274 µs
[sync] offset=-7120619652 µs  rtt=1230 µs
[sync] offset=-7120619652 µs  rtt=1771 µs
[sync] offset=-7120619652 µs  rtt=1842 µs
[sync] offset=-7120619652 µs  rtt=2494 µs
[sync] offset=-7120619652 µs  rtt=1835 µs
[sync] offset=-7120619652 µs  rtt=2522 µs
[sync] offset=-7120619652 µs  rtt=2554 µs
[sync] offset=-7120619652 µs  rtt=2519 µs

=== Timing Probe Summary ===

Duration:             62.0 s
Frames:               7398 (119.3 fps)
RTP packets:          145157 (19.6 avg/frame)
RTP gaps:             0

--- Sidecar overhead ---
  venc->probe:        7411 pkts (7397 frame + 14 sync)
  probe->venc:        45 pkts (31 subscribe + 14 sync)
  Bandwidth:          7.5 KB/s rx, 0.0 KB/s tx (61.2 kbps total)
  Packet rate:        120 pps rx, 0.7 pps tx

--- Frame intervals (sender clock) ---
  Mean:    36930 us  (27.1 fps)
  Min:     5219 us
  Max:     275640 us
  Stddev:  32996 us

--- Frame intervals (probe clock) ---
  Mean:    8382 us  (119.3 fps)
  Stddev:  1119 us

--- Send spread (frame_ready -> last_pkt_send) ---
  Mean:    769 us
  Min:     452 us
  P50:     656 us
  P95:     1449 us
  P99:     1954 us
  Max:     2367 us

--- Encode duration (capture -> frame_ready) ---
  Mean:    8553 us
  Min:     6845 us
  Max:     11827 us

--- Clock sync ---
  Samples:  8
  Offset:   -7120619652 us
  Best RTT: 1230 us

[probe] exiting — venc subscription expires in 5 s
